[2026-06-01 22:26:38] [WARN] Включен режим DRY-RUN: никакие изменения не будут внесены.
[2026-06-01 22:26:38] [INFO] Запуск полной установки системы на базе .dotfiles...
[2026-06-01 22:26:38] [INFO] Этап 1: Установка официальных пакетов...
[2026-06-01 22:26:38] [SKIP] nvidia-open (official) — уже установлен, пропуск
[2026-06-01 22:26:38] [SKIP] nvidia-settings (official) — уже установлен, пропуск
[2026-06-01 22:26:38] [SKIP] hyprland (official) — уже установлен, пропуск
[2026-06-01 22:26:38] [SKIP] xdg-desktop-portal-hyprland (official) — уже установлен, пропуск
[2026-06-01 22:26:38] [SKIP] polkit-kde-agent (official) — уже установлен, пропуск
[2026-06-01 22:26:38] [SKIP] waybar (official) — уже установлен, пропуск
[2026-06-01 22:26:38] [SKIP] wofi (official) — уже установлен, пропуск
[2026-06-01 22:26:38] [SKIP] rofi (official) — уже установлен, пропуск
[2026-06-01 22:26:38] [SKIP] kitty (official) — уже установлен, пропуск
[2026-06-01 22:26:38] [SKIP] zsh (official) — уже установлен, пропуск
[2026-06-01 22:26:38] [SKIP] tmux (official) — уже установлен, пропуск
[2026-06-01 22:26:38] [INFO] [DRY-RUN] Будет установлен пакет fastfetch из источника official
[2026-06-01 22:26:38] [SKIP] pipewire (official) — уже установлен, пропуск
[2026-06-01 22:26:38] [SKIP] pipewire-pulse (official) — уже установлен, пропуск
[2026-06-01 22:26:38] [SKIP] pipewire-alsa (official) — уже установлен, пропуск
[2026-06-01 22:26:38] [SKIP] wireplumber (official) — уже установлен, пропуск
[2026-06-01 22:26:38] [SKIP] easyeffects (official) — уже установлен, пропуск
[2026-06-01 22:26:38] [SKIP] lsp-plugins (official) — уже установлен, пропуск
[2026-06-01 22:26:38] [SKIP] rnnoise (official) — уже установлен, пропуск
[2026-06-01 22:26:38] [SKIP] playerctl (official) — уже установлен, пропуск
[2026-06-01 22:26:39] [SKIP] helvum (official) — уже установлен, пропуск
[2026-06-01 22:26:39] [SKIP] yazi (official) — уже установлен, пропуск
[2026-06-01 22:26:39] [SKIP] nautilus (official) — уже установлен, пропуск
[2026-06-01 22:26:39] [SKIP] grim (official) — уже установлен, пропуск
[2026-06-01 22:26:39] [SKIP] slurp (official) — уже установлен, пропуск
[2026-06-01 22:26:39] [SKIP] neovim (official) — уже установлен, пропуск
[2026-06-01 22:26:39] [SKIP] docker (official) — уже установлен, пропуск
[2026-06-01 22:26:39] [SKIP] docker-compose (official) — уже установлен, пропуск
[2026-06-01 22:26:39] [SKIP] nodejs (official) — уже установлен, пропуск
[2026-06-01 22:26:39] [SKIP] npm (official) — уже установлен, пропуск
[2026-06-01 22:26:39] [SKIP] python-pip (official) — уже установлен, пропуск
[2026-06-01 22:26:39] [SKIP] git (official) — уже установлен, пропуск
[2026-06-01 22:26:39] [SKIP] lazygit (official) — уже установлен, пропуск
[2026-06-01 22:26:39] [SKIP] networkmanager (official) — уже установлен, пропуск
[2026-06-01 22:26:39] [INFO] [DRY-RUN] Будет установлен пакет nm-applet из источника official
[2026-06-01 22:26:39] [SKIP] ufw (official) — уже установлен, пропуск
[2026-06-01 22:26:39] [SKIP] firefox (official) — уже установлен, пропуск
[2026-06-01 22:26:39] [SKIP] telegram-desktop (official) — уже установлен, пропуск
[2026-06-01 22:26:39] [SKIP] steam (official) — уже установлен, пропуск
[2026-06-01 22:26:39] [SKIP] gamescope (official) — уже установлен, пропуск
[2026-06-01 22:26:39] [SKIP] ttf-jetbrains-mono-nerd (official) — уже установлен, пропуск
[2026-06-01 22:26:39] [SKIP] noto-fonts (official) — уже установлен, пропуск
[2026-06-01 22:26:39] [SKIP] noto-fonts-cjk (official) — уже установлен, пропуск
[2026-06-01 22:26:39] [SKIP] noto-fonts-emoji (official) — уже установлен, пропуск
[2026-06-01 22:26:39] [INFO] [DRY-RUN] Будет установлен пакет adwaita-dark из источника official
[2026-06-01 22:26:39] [INFO] Этап 2: Установка пакетов из AUR...
[2026-06-01 22:26:39] [SKIP] libva-nvidia-driver (aur) — уже установлен, пропуск
[2026-06-01 22:26:39] [SKIP] ly (aur) — уже установлен, пропуск
[2026-06-01 22:26:39] [SKIP] uwsm (aur) — уже установлен, пропуск
[2026-06-01 22:26:39] [SKIP] swaync (aur) — уже установлен, пропуск
[2026-06-01 22:26:39] [SKIP] hyprlock (aur) — уже установлен, пропуск
[2026-06-01 22:26:39] [SKIP] wlogout (aur) — уже установлен, пропуск
[2026-06-01 22:26:39] [SKIP] ghostty (aur) — уже установлен, пропуск
[2026-06-01 22:26:39] [INFO] [DRY-RUN] Будет установлен пакет powerlevel10k из источника aur
[2026-06-01 22:26:39] [SKIP] waypaper (aur) — уже установлен, пропуск
[2026-06-01 22:26:39] [SKIP] awww (aur) — уже установлен, пропуск
[2026-06-01 22:26:39] [SKIP] mpvpaper (aur) — уже установлен, пропуск
[2026-06-01 22:26:39] [SKIP] hyprshot (aur) — уже установлен, пропуск
[2026-06-01 22:26:39] [INFO] [DRY-RUN] Будет установлен пакет visual-studio-code-bin из источника aur
[2026-06-01 22:26:39] [SKIP] pyenv (aur) — уже установлен, пропуск
[2026-06-01 22:26:39] [SKIP] mongodb-bin (aur) — уже установлен, пропуск
[2026-06-01 22:26:39] [SKIP] mongodb-tools-bin (aur) — уже установлен, пропуск
[2026-06-01 22:26:39] [SKIP] v2ray-bin (aur) — уже установлен, пропуск
[2026-06-01 22:26:39] [INFO] [DRY-RUN] Будет установлен пакет throne из источника aur
[2026-06-01 22:26:39] [SKIP] google-chrome (aur) — уже установлен, пропуск
[2026-06-01 22:26:39] [SKIP] teamspeak3 (aur) — уже установлен, пропуск
[2026-06-01 22:26:39] [INFO] [DRY-RUN] Будет установлен пакет teamspeak6-client-beta из источника aur
[2026-06-01 22:26:39] [SKIP] spotify (aur) — уже установлен, пропуск
[2026-06-01 22:26:39] [SKIP] localsend-bin (aur) — уже установлен, пропуск
[2026-06-01 22:26:39] [SKIP] onlyoffice-bin (aur) — уже установлен, пропуск
[2026-06-01 22:26:39] [SKIP] timeshift (aur) — уже установлен, пропуск
[2026-06-01 22:26:39] [SKIP] woff2-font-awesome (aur) — уже установлен, пропуск
[2026-06-01 22:26:39] [INFO] Этап 3: Установка Flatpak пакетов...
[2026-06-01 22:26:40] [SKIP] com.discordapp.Discord (flatpak) — уже установлен, пропуск
[2026-06-01 22:26:40] [INFO] Этап 4: Настройка дополнительных инструментов...
[2026-06-01 22:26:40] [SKIP] Angular CLI уже установлен
[2026-06-01 22:26:40] [SKIP] Oh My Zsh уже установлен
[2026-06-01 22:26:40] [INFO] Симуляция завершена успешно.
[2026-06-01 22:35:54] [WARN] Включен режим DRY-RUN: никакие изменения не будут внесены.
[2026-06-01 22:35:54] [INFO] Запуск полной установки системы на базе .dotfiles...
[2026-06-01 22:35:54] [INFO] Этап 1: Установка официальных пакетов...
[2026-06-01 22:35:54] [SKIP] nvidia-open (official) — уже установлен, пропуск
[2026-06-01 22:35:54] [SKIP] nvidia-settings (official) — уже установлен, пропуск
[2026-06-01 22:35:54] [SKIP] hyprland (official) — уже установлен, пропуск
[2026-06-01 22:35:54] [SKIP] xdg-desktop-portal-hyprland (official) — уже установлен, пропуск
[2026-06-01 22:35:54] [SKIP] polkit-kde-agent (official) — уже установлен, пропуск
[2026-06-01 22:35:54] [SKIP] waybar (official) — уже установлен, пропуск
[2026-06-01 22:35:54] [SKIP] wofi (official) — уже установлен, пропуск
[2026-06-01 22:35:54] [SKIP] rofi (official) — уже установлен, пропуск
[2026-06-01 22:35:54] [SKIP] kitty (official) — уже установлен, пропуск
[2026-06-01 22:35:54] [SKIP] zsh (official) — уже установлен, пропуск
[2026-06-01 22:35:54] [SKIP] tmux (official) — уже установлен, пропуск
[2026-06-01 22:35:54] [SKIP] pipewire (official) — уже установлен, пропуск
[2026-06-01 22:35:54] [SKIP] pipewire-pulse (official) — уже установлен, пропуск
[2026-06-01 22:35:54] [SKIP] pipewire-alsa (official) — уже установлен, пропуск
[2026-06-01 22:35:54] [SKIP] wireplumber (official) — уже установлен, пропуск
[2026-06-01 22:35:54] [SKIP] easyeffects (official) — уже установлен, пропуск
[2026-06-01 22:35:54] [SKIP] lsp-plugins (official) — уже установлен, пропуск
[2026-06-01 22:35:54] [SKIP] rnnoise (official) — уже установлен, пропуск
[2026-06-01 22:35:54] [SKIP] playerctl (official) — уже установлен, пропуск
[2026-06-01 22:35:54] [SKIP] helvum (official) — уже установлен, пропуск
[2026-06-01 22:35:54] [SKIP] yazi (official) — уже установлен, пропуск
[2026-06-01 22:35:54] [SKIP] nautilus (official) — уже установлен, пропуск
[2026-06-01 22:35:54] [SKIP] grim (official) — уже установлен, пропуск
[2026-06-01 22:35:54] [SKIP] slurp (official) — уже установлен, пропуск
[2026-06-01 22:35:54] [SKIP] neovim (official) — уже установлен, пропуск
[2026-06-01 22:35:54] [SKIP] docker (official) — уже установлен, пропуск
[2026-06-01 22:35:54] [SKIP] docker-compose (official) — уже установлен, пропуск
[2026-06-01 22:35:54] [SKIP] nodejs (official) — уже установлен, пропуск
[2026-06-01 22:35:54] [SKIP] npm (official) — уже установлен, пропуск
[2026-06-01 22:35:54] [SKIP] python-pip (official) — уже установлен, пропуск
[2026-06-01 22:35:54] [SKIP] git (official) — уже установлен, пропуск
[2026-06-01 22:35:54] [SKIP] lazygit (official) — уже установлен, пропуск
[2026-06-01 22:35:54] [SKIP] networkmanager (official) — уже установлен, пропуск
[2026-06-01 22:35:54] [SKIP] network-manager-applet (official) — уже установлен, пропуск
[2026-06-01 22:35:54] [SKIP] ufw (official) — уже установлен, пропуск
[2026-06-01 22:35:54] [SKIP] firefox (official) — уже установлен, пропуск
[2026-06-01 22:35:54] [SKIP] telegram-desktop (official) — уже установлен, пропуск
[2026-06-01 22:35:54] [SKIP] steam (official) — уже установлен, пропуск
[2026-06-01 22:35:54] [SKIP] gamescope (official) — уже установлен, пропуск
[2026-06-01 22:35:54] [SKIP] ttf-jetbrains-mono-nerd (official) — уже установлен, пропуск
[2026-06-01 22:35:54] [SKIP] noto-fonts (official) — уже установлен, пропуск
[2026-06-01 22:35:55] [SKIP] noto-fonts-cjk (official) — уже установлен, пропуск
[2026-06-01 22:35:55] [SKIP] noto-fonts-emoji (official) — уже установлен, пропуск
[2026-06-01 22:35:55] [SKIP] adwaita-icon-theme (official) — уже установлен, пропуск
[2026-06-01 22:35:55] [INFO] Этап 2: Установка пакетов из AUR...
[2026-06-01 22:35:55] [SKIP] libva-nvidia-driver (aur) — уже установлен, пропуск
[2026-06-01 22:35:55] [SKIP] ly (aur) — уже установлен, пропуск
[2026-06-01 22:35:55] [SKIP] uwsm (aur) — уже установлен, пропуск
[2026-06-01 22:35:55] [SKIP] swaync (aur) — уже установлен, пропуск
[2026-06-01 22:35:55] [SKIP] hyprlock (aur) — уже установлен, пропуск
[2026-06-01 22:35:55] [SKIP] wlogout (aur) — уже установлен, пропуск
[2026-06-01 22:35:55] [SKIP] ghostty (aur) — уже установлен, пропуск
[2026-06-01 22:35:55] [SKIP] waypaper (aur) — уже установлен, пропуск
[2026-06-01 22:35:55] [SKIP] awww (aur) — уже установлен, пропуск
[2026-06-01 22:35:55] [SKIP] mpvpaper (aur) — уже установлен, пропуск
[2026-06-01 22:35:55] [SKIP] hyprshot (aur) — уже установлен, пропуск
[2026-06-01 22:35:55] [SKIP] code (aur) — уже установлен, пропуск
[2026-06-01 22:35:55] [SKIP] pyenv (aur) — уже установлен, пропуск
[2026-06-01 22:35:55] [SKIP] mongodb-bin (aur) — уже установлен, пропуск
[2026-06-01 22:35:55] [SKIP] mongodb-tools-bin (aur) — уже установлен, пропуск
[2026-06-01 22:35:55] [SKIP] v2ray-bin (aur) — уже установлен, пропуск
[2026-06-01 22:35:55] [SKIP] throne-bin (aur) — уже установлен, пропуск
[2026-06-01 22:35:55] [SKIP] google-chrome (aur) — уже установлен, пропуск
[2026-06-01 22:35:55] [SKIP] teamspeak3 (aur) — уже установлен, пропуск
[2026-06-01 22:35:55] [SKIP] teamspeak (aur) — уже установлен, пропуск
[2026-06-01 22:35:55] [SKIP] spotify (aur) — уже установлен, пропуск
[2026-06-01 22:35:55] [SKIP] localsend-bin (aur) — уже установлен, пропуск
[2026-06-01 22:35:55] [SKIP] onlyoffice-bin (aur) — уже установлен, пропуск
[2026-06-01 22:35:55] [SKIP] timeshift (aur) — уже установлен, пропуск
[2026-06-01 22:35:55] [SKIP] woff2-font-awesome (aur) — уже установлен, пропуск
[2026-06-01 22:35:55] [INFO] Этап 3: Установка Flatpak пакетов...
[2026-06-01 22:35:55] [SKIP] com.discordapp.Discord (flatpak) — уже установлен, пропуск
[2026-06-01 22:35:55] [INFO] Этап 4: Настройка дополнительных инструментов...
[2026-06-01 22:35:55] [SKIP] Angular CLI уже установлен
[2026-06-01 22:35:55] [SKIP] Oh My Zsh уже установлен
[2026-06-01 22:35:55] [SKIP] Powerlevel10k уже установлен
[2026-06-01 22:35:55] [INFO] Симуляция завершена успешно.
[2026-06-01 22:37:27] [INFO] Запуск полной установки системы на базе .dotfiles...
[2026-06-01 22:37:27] [INFO] Этап 1: Установка официальных пакетов...
[2026-06-01 22:37:27] [SKIP] nvidia-open (official) — уже установлен, пропуск
[2026-06-01 22:37:27] [SKIP] nvidia-settings (official) — уже установлен, пропуск
[2026-06-01 22:37:27] [SKIP] hyprland (official) — уже установлен, пропуск
[2026-06-01 22:37:27] [SKIP] xdg-desktop-portal-hyprland (official) — уже установлен, пропуск
[2026-06-01 22:37:27] [SKIP] polkit-kde-agent (official) — уже установлен, пропуск
[2026-06-01 22:37:27] [SKIP] waybar (official) — уже установлен, пропуск
[2026-06-01 22:37:27] [SKIP] wofi (official) — уже установлен, пропуск
[2026-06-01 22:37:27] [SKIP] rofi (official) — уже установлен, пропуск
[2026-06-01 22:37:27] [SKIP] kitty (official) — уже установлен, пропуск
[2026-06-01 22:37:27] [SKIP] zsh (official) — уже установлен, пропуск
[2026-06-01 22:37:27] [SKIP] tmux (official) — уже установлен, пропуск
[2026-06-01 22:37:27] [SKIP] pipewire (official) — уже установлен, пропуск
[2026-06-01 22:37:27] [SKIP] pipewire-pulse (official) — уже установлен, пропуск
[2026-06-01 22:37:27] [SKIP] pipewire-alsa (official) — уже установлен, пропуск
[2026-06-01 22:37:27] [SKIP] wireplumber (official) — уже установлен, пропуск
[2026-06-01 22:37:27] [SKIP] easyeffects (official) — уже установлен, пропуск
[2026-06-01 22:37:27] [SKIP] lsp-plugins (official) — уже установлен, пропуск
[2026-06-01 22:37:27] [SKIP] rnnoise (official) — уже установлен, пропуск
[2026-06-01 22:37:27] [SKIP] playerctl (official) — уже установлен, пропуск
[2026-06-01 22:37:27] [SKIP] helvum (official) — уже установлен, пропуск
[2026-06-01 22:37:27] [SKIP] yazi (official) — уже установлен, пропуск
[2026-06-01 22:37:27] [SKIP] nautilus (official) — уже установлен, пропуск
[2026-06-01 22:37:28] [SKIP] grim (official) — уже установлен, пропуск
[2026-06-01 22:37:28] [SKIP] slurp (official) — уже установлен, пропуск
[2026-06-01 22:37:28] [SKIP] neovim (official) — уже установлен, пропуск
[2026-06-01 22:37:28] [SKIP] docker (official) — уже установлен, пропуск
[2026-06-01 22:37:28] [SKIP] docker-compose (official) — уже установлен, пропуск
[2026-06-01 22:37:28] [SKIP] nodejs (official) — уже установлен, пропуск
[2026-06-01 22:37:28] [SKIP] npm (official) — уже установлен, пропуск
[2026-06-01 22:37:28] [SKIP] python-pip (official) — уже установлен, пропуск
[2026-06-01 22:37:28] [SKIP] git (official) — уже установлен, пропуск
[2026-06-01 22:37:28] [SKIP] lazygit (official) — уже установлен, пропуск
[2026-06-01 22:37:28] [SKIP] networkmanager (official) — уже установлен, пропуск
[2026-06-01 22:37:28] [SKIP] network-manager-applet (official) — уже установлен, пропуск
[2026-06-01 22:37:28] [SKIP] ufw (official) — уже установлен, пропуск
[2026-06-01 22:37:28] [SKIP] firefox (official) — уже установлен, пропуск
[2026-06-01 22:37:28] [SKIP] telegram-desktop (official) — уже установлен, пропуск
[2026-06-01 22:37:28] [SKIP] steam (official) — уже установлен, пропуск
[2026-06-01 22:37:28] [SKIP] gamescope (official) — уже установлен, пропуск
[2026-06-01 22:37:28] [SKIP] ttf-jetbrains-mono-nerd (official) — уже установлен, пропуск
[2026-06-01 22:37:28] [SKIP] noto-fonts (official) — уже установлен, пропуск
[2026-06-01 22:37:28] [SKIP] noto-fonts-cjk (official) — уже установлен, пропуск
[2026-06-01 22:37:28] [SKIP] noto-fonts-emoji (official) — уже установлен, пропуск
[2026-06-01 22:37:28] [SKIP] adwaita-icon-theme (official) — уже установлен, пропуск
[2026-06-01 22:37:28] [INFO] Этап 2: Установка пакетов из AUR...
[2026-06-01 22:37:28] [SKIP] libva-nvidia-driver (aur) — уже установлен, пропуск
[2026-06-01 22:37:28] [SKIP] ly (aur) — уже установлен, пропуск
[2026-06-01 22:37:28] [SKIP] uwsm (aur) — уже установлен, пропуск
[2026-06-01 22:37:28] [SKIP] swaync (aur) — уже установлен, пропуск
[2026-06-01 22:37:28] [SKIP] hyprlock (aur) — уже установлен, пропуск
[2026-06-01 22:37:28] [SKIP] wlogout (aur) — уже установлен, пропуск
[2026-06-01 22:37:28] [SKIP] ghostty (aur) — уже установлен, пропуск
[2026-06-01 22:37:28] [SKIP] waypaper (aur) — уже установлен, пропуск
[2026-06-01 22:37:28] [SKIP] awww (aur) — уже установлен, пропуск
[2026-06-01 22:37:28] [SKIP] mpvpaper (aur) — уже установлен, пропуск
[2026-06-01 22:37:28] [SKIP] hyprshot (aur) — уже установлен, пропуск
[2026-06-01 22:37:28] [SKIP] code (aur) — уже установлен, пропуск
[2026-06-01 22:37:28] [SKIP] pyenv (aur) — уже установлен, пропуск
[2026-06-01 22:37:28] [SKIP] mongodb-bin (aur) — уже установлен, пропуск
[2026-06-01 22:37:28] [SKIP] mongodb-tools-bin (aur) — уже установлен, пропуск
[2026-06-01 22:37:28] [SKIP] v2ray-bin (aur) — уже установлен, пропуск
[2026-06-01 22:37:28] [SKIP] throne-bin (aur) — уже установлен, пропуск
[2026-06-01 22:37:28] [SKIP] google-chrome (aur) — уже установлен, пропуск
[2026-06-01 22:37:28] [SKIP] teamspeak3 (aur) — уже установлен, пропуск
[2026-06-01 22:37:28] [SKIP] teamspeak (aur) — уже установлен, пропуск
[2026-06-01 22:37:28] [SKIP] spotify (aur) — уже установлен, пропуск
[2026-06-01 22:37:28] [SKIP] localsend-bin (aur) — уже установлен, пропуск
[2026-06-01 22:37:28] [SKIP] onlyoffice-bin (aur) — уже установлен, пропуск
[2026-06-01 22:37:28] [SKIP] timeshift (aur) — уже установлен, пропуск
[2026-06-01 22:37:28] [SKIP] woff2-font-awesome (aur) — уже установлен, пропуск
[2026-06-01 22:37:28] [INFO] Этап 3: Установка Flatpak пакетов...
[2026-06-01 22:37:28] [SKIP] com.discordapp.Discord (flatpak) — уже установлен, пропуск
[2026-06-01 22:37:28] [INFO] Этап 4: Настройка дополнительных инструментов...
[2026-06-01 22:37:28] [SKIP] Angular CLI уже установлен
[2026-06-01 22:37:28] [SKIP] Oh My Zsh уже установлен
[2026-06-01 22:37:28] [SKIP] Powerlevel10k уже установлен
[2026-06-01 22:37:28] [INFO] Установка завершена! Перезагрузите систему или перезапустите сессию.
